// Jest Snapshot v1, https://jestjs.io/docs/snapshot-testing

exports[`Snapshot Tests AgentCoreStack 快照匹配 1`] = `
{
  "Metadata": {
    "cdk_nag": {
      "rules_to_suppress": [
        {
          "id": "AwsSolutions-IAM4",
          "is_reason_encoded": true,
          "reason": "QWdlbnRDb3JlIEwyIENvbnN0cnVjdCDlhoXpg6jkvb/nlKggQVdTIOaJmOeuoeetlueVpeaYr+ivpeacjeWKoeeahOacgOS9s+Wunui3tQ==",
        },
      ],
    },
  },
  "Outputs": {
    "EcrRepositoryUri": {
      "Description": "Agent container image repository URI",
      "Value": {
        "Fn::Join": [
          "",
          [
            {
              "Fn::Select": [
                4,
                {
                  "Fn::Split": [
                    ":",
                    {
                      "Fn::GetAtt": [
                        "AgentEcrRepo348BC794",
                        "Arn",
                      ],
                    },
                  ],
                },
              ],
            },
            ".dkr.ecr.",
            {
              "Fn::Select": [
                3,
                {
                  "Fn::Split": [
                    ":",
                    {
                      "Fn::GetAtt": [
                        "AgentEcrRepo348BC794",
                        "Arn",
                      ],
                    },
                  ],
                },
              ],
            },
            ".",
            {
              "Ref": "AWS::URLSuffix",
            },
            "/",
            {
              "Ref": "AgentEcrRepo348BC794",
            },
          ],
        ],
      },
    },
    "GatewayUrl": {
      "Description": "AgentCore Gateway URL",
      "Value": {
        "Fn::GetAtt": [
          "AgentGatewayAFA101B7",
          "GatewayUrl",
        ],
      },
    },
    "RuntimeArn": {
      "Description": "AgentCore Runtime ARN",
      "Value": {
        "Fn::GetAtt": [
          "AgentRuntime917DDB48",
          "AgentRuntimeArn",
        ],
      },
    },
  },
  "Parameters": {
    "BootstrapVersion": {
      "Default": "/cdk-bootstrap/hnb659fds/version",
      "Description": "Version of the CDK Bootstrap resources in this environment, automatically retrieved from SSM Parameter Store. [cdk:skip]",
      "Type": "AWS::SSM::Parameter::Value<String>",
    },
  },
  "Resources": {
    "AgentEcrRepo348BC794": {
      "DeletionPolicy": "Delete",
      "Properties": {
        "EmptyOnDelete": true,
        "ImageScanningConfiguration": {
          "ScanOnPush": true,
        },
        "LifecyclePolicy": {
          "LifecyclePolicyText": "{"rules":[{"rulePriority":1,"description":"Keep max 10 images","selection":{"tagStatus":"any","countType":"imageCountMoreThan","countNumber":10},"action":{"type":"expire"}}]}",
        },
        "RepositoryName": "ai-agents-platform-agent-dev",
      },
      "Type": "AWS::ECR::Repository",
      "UpdateReplacePolicy": "Delete",
    },
    "AgentGatewayAFA101B7": {
      "Metadata": {
        "cdk_nag": {
          "rules_to_suppress": [
            {
              "id": "AwsSolutions-IAM5",
              "is_reason_encoded": true,
              "reason": "R2F0ZXdheSDmnI3liqHop5LoibLnlLEgTDIgQ29uc3RydWN0IOiHquWKqOWIm+W7uu+8jOmAmumFjeespuadg+mZkOaYryBBZ2VudENvcmUg5pyN5Yqh5omA6ZyA",
            },
            {
              "id": "AwsSolutions-COG1",
              "is_reason_encoded": true,
              "reason": "R2F0ZXdheSDpu5jorqQgQ29nbml0byBVc2VyIFBvb2wg5a+G56CB562W55Wl55SxIEwyIENvbnN0cnVjdCDnrqHnkIY=",
            },
            {
              "id": "AwsSolutions-COG2",
              "is_reason_encoded": true,
              "reason": "R2F0ZXdheSDpu5jorqQgQ29nbml0byBVc2VyIFBvb2wg55So5LqOIE0yTSDorqTor4EgKENsaWVudCBDcmVkZW50aWFscynvvIzml6DpnIAgTUZB",
            },
            {
              "id": "AwsSolutions-COG3",
              "is_reason_encoded": true,
              "reason": "R2F0ZXdheSDpu5jorqQgQ29nbml0byBVc2VyIFBvb2wg55So5LqOIE0yTSDorqTor4HvvIzkuI3mtonlj4rnlKjmiLfkuqTkupI=",
            },
          ],
        },
      },
      "Properties": {
        "AuthorizerConfiguration": {
          "CustomJWTAuthorizer": {
            "AllowedClients": [
              {
                "Ref": "AgentGatewayUserPoolDefaultClient29A51579",
              },
            ],
            "DiscoveryUrl": {
              "Fn::Join": [
                "",
                [
                  "https://cognito-idp.us-east-1.amazonaws.com/",
                  {
                    "Ref": "AgentGatewayUserPoolBFAAC7BD",
                  },
                  "/.well-known/openid-configuration",
                ],
              ],
            },
          },
        },
        "AuthorizerType": "CUSTOM_JWT",
        "Description": "AI Agents Platform - dev MCP Gateway",
        "Name": "ai-agents-platform-gateway-dev",
        "ProtocolConfiguration": {
          "Mcp": {
            "Instructions": "AI Agents Platform MCP Gateway - 提供统一工具接入入口",
            "SearchType": "SEMANTIC",
            "SupportedVersions": [
              "2025-03-26",
            ],
          },
        },
        "ProtocolType": "MCP",
        "RoleArn": {
          "Fn::GetAtt": [
            "AgentGatewayServiceRole00BC1CD2",
            "Arn",
          ],
        },
      },
      "Type": "AWS::BedrockAgentCore::Gateway",
    },
    "AgentGatewayServiceRole00BC1CD2": {
      "Metadata": {
        "cdk_nag": {
          "rules_to_suppress": [
            {
              "id": "AwsSolutions-IAM5",
              "is_reason_encoded": true,
              "reason": "R2F0ZXdheSDmnI3liqHop5LoibLnlLEgTDIgQ29uc3RydWN0IOiHquWKqOWIm+W7uu+8jOmAmumFjeespuadg+mZkOaYryBBZ2VudENvcmUg5pyN5Yqh5omA6ZyA",
            },
            {
              "id": "AwsSolutions-COG1",
              "is_reason_encoded": true,
              "reason": "R2F0ZXdheSDpu5jorqQgQ29nbml0byBVc2VyIFBvb2wg5a+G56CB562W55Wl55SxIEwyIENvbnN0cnVjdCDnrqHnkIY=",
            },
            {
              "id": "AwsSolutions-COG2",
              "is_reason_encoded": true,
              "reason": "R2F0ZXdheSDpu5jorqQgQ29nbml0byBVc2VyIFBvb2wg55So5LqOIE0yTSDorqTor4EgKENsaWVudCBDcmVkZW50aWFscynvvIzml6DpnIAgTUZB",
            },
            {
              "id": "AwsSolutions-COG3",
              "is_reason_encoded": true,
              "reason": "R2F0ZXdheSDpu5jorqQgQ29nbml0byBVc2VyIFBvb2wg55So5LqOIE0yTSDorqTor4HvvIzkuI3mtonlj4rnlKjmiLfkuqTkupI=",
            },
          ],
        },
      },
      "Properties": {
        "AssumeRolePolicyDocument": {
          "Statement": [
            {
              "Action": "sts:AssumeRole",
              "Effect": "Allow",
              "Principal": {
                "Service": "bedrock-agentcore.amazonaws.com",
              },
            },
            {
              "Action": "sts:AssumeRole",
              "Condition": {
                "ArnLike": {
                  "aws:SourceArn": {
                    "Fn::Join": [
                      "",
                      [
                        "arn:",
                        {
                          "Ref": "AWS::Partition",
                        },
                        ":bedrock-agentcore:us-east-1:000000000000:gateway/ai-agents-platform-gateway-dev*",
                      ],
                    ],
                  },
                },
                "StringEquals": {
                  "aws:SourceAccount": "000000000000",
                },
              },
              "Effect": "Allow",
              "Principal": {
                "Service": "bedrock-agentcore.amazonaws.com",
              },
            },
          ],
          "Version": "2012-10-17",
        },
        "Description": "Service role for Bedrock AgentCore Gateway ai-agents-platform-gateway-dev",
      },
      "Type": "AWS::IAM::Role",
    },
    "AgentGatewayUserPoolBFAAC7BD": {
      "DeletionPolicy": "Retain",
      "Metadata": {
        "cdk_nag": {
          "rules_to_suppress": [
            {
              "id": "AwsSolutions-IAM5",
              "is_reason_encoded": true,
              "reason": "R2F0ZXdheSDmnI3liqHop5LoibLnlLEgTDIgQ29uc3RydWN0IOiHquWKqOWIm+W7uu+8jOmAmumFjeespuadg+mZkOaYryBBZ2VudENvcmUg5pyN5Yqh5omA6ZyA",
            },
            {
              "id": "AwsSolutions-COG1",
              "is_reason_encoded": true,
              "reason": "R2F0ZXdheSDpu5jorqQgQ29nbml0byBVc2VyIFBvb2wg5a+G56CB562W55Wl55SxIEwyIENvbnN0cnVjdCDnrqHnkIY=",
            },
            {
              "id": "AwsSolutions-COG2",
              "is_reason_encoded": true,
              "reason": "R2F0ZXdheSDpu5jorqQgQ29nbml0byBVc2VyIFBvb2wg55So5LqOIE0yTSDorqTor4EgKENsaWVudCBDcmVkZW50aWFscynvvIzml6DpnIAgTUZB",
            },
            {
              "id": "AwsSolutions-COG3",
              "is_reason_encoded": true,
              "reason": "R2F0ZXdheSDpu5jorqQgQ29nbml0byBVc2VyIFBvb2wg55So5LqOIE0yTSDorqTor4HvvIzkuI3mtonlj4rnlKjmiLfkuqTkupI=",
            },
          ],
        },
      },
      "Properties": {
        "AccountRecoverySetting": {
          "RecoveryMechanisms": [
            {
              "Name": "verified_phone_number",
              "Priority": 1,
            },
            {
              "Name": "verified_email",
              "Priority": 2,
            },
          ],
        },
        "AdminCreateUserConfig": {
          "AllowAdminCreateUserOnly": true,
        },
        "EmailVerificationMessage": "The verification code to your new account is {####}",
        "EmailVerificationSubject": "Verify your new account",
        "SmsVerificationMessage": "The verification code to your new account is {####}",
        "UsernameConfiguration": {
          "CaseSensitive": false,
        },
        "VerificationMessageTemplate": {
          "DefaultEmailOption": "CONFIRM_WITH_CODE",
          "EmailMessage": "The verification code to your new account is {####}",
          "EmailSubject": "Verify your new account",
          "SmsMessage": "The verification code to your new account is {####}",
        },
      },
      "Type": "AWS::Cognito::UserPool",
      "UpdateReplacePolicy": "Retain",
    },
    "AgentGatewayUserPoolDefaultClient29A51579": {
      "Metadata": {
        "cdk_nag": {
          "rules_to_suppress": [
            {
              "id": "AwsSolutions-IAM5",
              "is_reason_encoded": true,
              "reason": "R2F0ZXdheSDmnI3liqHop5LoibLnlLEgTDIgQ29uc3RydWN0IOiHquWKqOWIm+W7uu+8jOmAmumFjeespuadg+mZkOaYryBBZ2VudENvcmUg5pyN5Yqh5omA6ZyA",
            },
            {
              "id": "AwsSolutions-COG1",
              "is_reason_encoded": true,
              "reason": "R2F0ZXdheSDpu5jorqQgQ29nbml0byBVc2VyIFBvb2wg5a+G56CB562W55Wl55SxIEwyIENvbnN0cnVjdCDnrqHnkIY=",
            },
            {
              "id": "AwsSolutions-COG2",
              "is_reason_encoded": true,
              "reason": "R2F0ZXdheSDpu5jorqQgQ29nbml0byBVc2VyIFBvb2wg55So5LqOIE0yTSDorqTor4EgKENsaWVudCBDcmVkZW50aWFscynvvIzml6DpnIAgTUZB",
            },
            {
              "id": "AwsSolutions-COG3",
              "is_reason_encoded": true,
              "reason": "R2F0ZXdheSDpu5jorqQgQ29nbml0byBVc2VyIFBvb2wg55So5LqOIE0yTSDorqTor4HvvIzkuI3mtonlj4rnlKjmiLfkuqTkupI=",
            },
          ],
        },
      },
      "Properties": {
        "AllowedOAuthFlows": [
          "client_credentials",
        ],
        "AllowedOAuthFlowsUserPoolClient": true,
        "AllowedOAuthScopes": [
          {
            "Fn::Join": [
              "",
              [
                {
                  "Ref": "AgentGatewayUserPoolResourceServerAD76A708",
                },
                "/read",
              ],
            ],
          },
          {
            "Fn::Join": [
              "",
              [
                {
                  "Ref": "AgentGatewayUserPoolResourceServerAD76A708",
                },
                "/write",
              ],
            ],
          },
        ],
        "GenerateSecret": true,
        "SupportedIdentityProviders": [
          "COGNITO",
        ],
        "UserPoolId": {
          "Ref": "AgentGatewayUserPoolBFAAC7BD",
        },
      },
      "Type": "AWS::Cognito::UserPoolClient",
    },
    "AgentGatewayUserPoolDomain356D4F1B": {
      "Metadata": {
        "cdk_nag": {
          "rules_to_suppress": [
            {
              "id": "AwsSolutions-IAM5",
              "is_reason_encoded": true,
              "reason": "R2F0ZXdheSDmnI3liqHop5LoibLnlLEgTDIgQ29uc3RydWN0IOiHquWKqOWIm+W7uu+8jOmAmumFjeespuadg+mZkOaYryBBZ2VudENvcmUg5pyN5Yqh5omA6ZyA",
            },
            {
              "id": "AwsSolutions-COG1",
              "is_reason_encoded": true,
              "reason": "R2F0ZXdheSDpu5jorqQgQ29nbml0byBVc2VyIFBvb2wg5a+G56CB562W55Wl55SxIEwyIENvbnN0cnVjdCDnrqHnkIY=",
            },
            {
              "id": "AwsSolutions-COG2",
              "is_reason_encoded": true,
              "reason": "R2F0ZXdheSDpu5jorqQgQ29nbml0byBVc2VyIFBvb2wg55So5LqOIE0yTSDorqTor4EgKENsaWVudCBDcmVkZW50aWFscynvvIzml6DpnIAgTUZB",
            },
            {
              "id": "AwsSolutions-COG3",
              "is_reason_encoded": true,
              "reason": "R2F0ZXdheSDpu5jorqQgQ29nbml0byBVc2VyIFBvb2wg55So5LqOIE0yTSDorqTor4HvvIzkuI3mtonlj4rnlKjmiLfkuqTkupI=",
            },
          ],
        },
      },
      "Properties": {
        "Domain": "testagentcorestack-agentgateway-e61f54ff",
        "UserPoolId": {
          "Ref": "AgentGatewayUserPoolBFAAC7BD",
        },
      },
      "Type": "AWS::Cognito::UserPoolDomain",
    },
    "AgentGatewayUserPoolResourceServerAD76A708": {
      "Metadata": {
        "cdk_nag": {
          "rules_to_suppress": [
            {
              "id": "AwsSolutions-IAM5",
              "is_reason_encoded": true,
              "reason": "R2F0ZXdheSDmnI3liqHop5LoibLnlLEgTDIgQ29uc3RydWN0IOiHquWKqOWIm+W7uu+8jOmAmumFjeespuadg+mZkOaYryBBZ2VudENvcmUg5pyN5Yqh5omA6ZyA",
            },
            {
              "id": "AwsSolutions-COG1",
              "is_reason_encoded": true,
              "reason": "R2F0ZXdheSDpu5jorqQgQ29nbml0byBVc2VyIFBvb2wg5a+G56CB562W55Wl55SxIEwyIENvbnN0cnVjdCDnrqHnkIY=",
            },
            {
              "id": "AwsSolutions-COG2",
              "is_reason_encoded": true,
              "reason": "R2F0ZXdheSDpu5jorqQgQ29nbml0byBVc2VyIFBvb2wg55So5LqOIE0yTSDorqTor4EgKENsaWVudCBDcmVkZW50aWFscynvvIzml6DpnIAgTUZB",
            },
            {
              "id": "AwsSolutions-COG3",
              "is_reason_encoded": true,
              "reason": "R2F0ZXdheSDpu5jorqQgQ29nbml0byBVc2VyIFBvb2wg55So5LqOIE0yTSDorqTor4HvvIzkuI3mtonlj4rnlKjmiLfkuqTkupI=",
            },
          ],
        },
      },
      "Properties": {
        "Identifier": "TestAgentCoreStack-AgentGateway-E61F54FF",
        "Name": "TestAgentCoreStack-AgentGateway-E61F54FF",
        "Scopes": [
          {
            "ScopeDescription": "Read access to gateway tools",
            "ScopeName": "read",
          },
          {
            "ScopeDescription": "Write access to gateway tools",
            "ScopeName": "write",
          },
        ],
        "UserPoolId": {
          "Ref": "AgentGatewayUserPoolBFAAC7BD",
        },
      },
      "Type": "AWS::Cognito::UserPoolResourceServer",
    },
    "AgentRuntime917DDB48": {
      "DependsOn": [
        "AgentRuntimeExecutionRoleDefaultPolicy392B5DE7",
        "AgentRuntimeExecutionRole23B45D24",
      ],
      "Metadata": {
        "cdk_nag": {
          "rules_to_suppress": [
            {
              "id": "AwsSolutions-IAM5",
              "is_reason_encoded": true,
              "reason": "QmVkcm9jayBJbnZva2VNb2RlbCDpnIDopoHpgJrphY3nrKbotYTmupDku6XmlK/mjIHlpJrmqKHlnovosIPnlKg7IFJ1bnRpbWUg5omn6KGM6KeS6Imy55SxIEwyIENvbnN0cnVjdCDoh6rliqjliJvlu7o=",
            },
          ],
        },
      },
      "Properties": {
        "AgentRuntimeArtifact": {
          "ContainerConfiguration": {
            "ContainerUri": {
              "Fn::Join": [
                "",
                [
                  {
                    "Fn::Select": [
                      4,
                      {
                        "Fn::Split": [
                          ":",
                          {
                            "Fn::GetAtt": [
                              "AgentEcrRepo348BC794",
                              "Arn",
                            ],
                          },
                        ],
                      },
                    ],
                  },
                  ".dkr.ecr.",
                  {
                    "Fn::Select": [
                      3,
                      {
                        "Fn::Split": [
                          ":",
                          {
                            "Fn::GetAtt": [
                              "AgentEcrRepo348BC794",
                              "Arn",
                            ],
                          },
                        ],
                      },
                    ],
                  },
                  ".",
                  {
                    "Ref": "AWS::URLSuffix",
                  },
                  "/",
                  {
                    "Ref": "AgentEcrRepo348BC794",
                  },
                  ":latest",
                ],
              ],
            },
          },
        },
        "AgentRuntimeName": "ai_agents_platform_dev",
        "Description": "AI Agents Platform - dev Agent Runtime",
        "EnvironmentVariables": {
          "ENV_NAME": "dev",
          "PROJECT_NAME": "ai-agents-platform",
        },
        "LifecycleConfiguration": {},
        "NetworkConfiguration": {
          "NetworkMode": "VPC",
          "NetworkModeConfig": {
            "SecurityGroups": [
              {
                "Fn::GetAtt": [
                  "SecurityGroupDD263621",
                  "GroupId",
                ],
              },
            ],
            "Subnets": [
              {
                "Fn::ImportValue": "VpcStack:ExportsOutputRefTestVpcPrivateSubnet1SubnetCC65D7717F2BDF55",
              },
              {
                "Fn::ImportValue": "VpcStack:ExportsOutputRefTestVpcPrivateSubnet2SubnetDE0C64A2F7B9B6B1",
              },
            ],
          },
        },
        "ProtocolConfiguration": "HTTP",
        "RoleArn": {
          "Fn::GetAtt": [
            "AgentRuntimeExecutionRole23B45D24",
            "Arn",
          ],
        },
      },
      "Type": "AWS::BedrockAgentCore::Runtime",
    },
    "AgentRuntimeExecutionRole23B45D24": {
      "Metadata": {
        "cdk_nag": {
          "rules_to_suppress": [
            {
              "id": "AwsSolutions-IAM5",
              "is_reason_encoded": true,
              "reason": "QmVkcm9jayBJbnZva2VNb2RlbCDpnIDopoHpgJrphY3nrKbotYTmupDku6XmlK/mjIHlpJrmqKHlnovosIPnlKg7IFJ1bnRpbWUg5omn6KGM6KeS6Imy55SxIEwyIENvbnN0cnVjdCDoh6rliqjliJvlu7o=",
            },
          ],
        },
      },
      "Properties": {
        "AssumeRolePolicyDocument": {
          "Statement": [
            {
              "Action": "sts:AssumeRole",
              "Effect": "Allow",
              "Principal": {
                "Service": "bedrock-agentcore.amazonaws.com",
              },
            },
          ],
          "Version": "2012-10-17",
        },
        "Description": "Execution role for Bedrock Agent Core Runtime",
        "MaxSessionDuration": 28800,
      },
      "Type": "AWS::IAM::Role",
    },
    "AgentRuntimeExecutionRoleDefaultPolicy392B5DE7": {
      "Metadata": {
        "cdk_nag": {
          "rules_to_suppress": [
            {
              "id": "AwsSolutions-IAM5",
              "is_reason_encoded": true,
              "reason": "QmVkcm9jayBJbnZva2VNb2RlbCDpnIDopoHpgJrphY3nrKbotYTmupDku6XmlK/mjIHlpJrmqKHlnovosIPnlKg7IFJ1bnRpbWUg5omn6KGM6KeS6Imy55SxIEwyIENvbnN0cnVjdCDoh6rliqjliJvlu7o=",
            },
          ],
        },
      },
      "Properties": {
        "PolicyDocument": {
          "Statement": [
            {
              "Action": [
                "logs:DescribeLogStreams",
                "logs:CreateLogGroup",
              ],
              "Effect": "Allow",
              "Resource": {
                "Fn::Join": [
                  "",
                  [
                    "arn:",
                    {
                      "Ref": "AWS::Partition",
                    },
                    ":logs:us-east-1:000000000000:log-group:/aws/bedrock-agentcore/runtimes/*",
                  ],
                ],
              },
              "Sid": "LogGroupAccess",
            },
            {
              "Action": "logs:DescribeLogGroups",
              "Effect": "Allow",
              "Resource": {
                "Fn::Join": [
                  "",
                  [
                    "arn:",
                    {
                      "Ref": "AWS::Partition",
                    },
                    ":logs:us-east-1:000000000000:log-group:*",
                  ],
                ],
              },
              "Sid": "DescribeLogGroups",
            },
            {
              "Action": [
                "logs:CreateLogStream",
                "logs:PutLogEvents",
              ],
              "Effect": "Allow",
              "Resource": {
                "Fn::Join": [
                  "",
                  [
                    "arn:",
                    {
                      "Ref": "AWS::Partition",
                    },
                    ":logs:us-east-1:000000000000:log-group:/aws/bedrock-agentcore/runtimes/*:log-stream:*",
                  ],
                ],
              },
              "Sid": "LogStreamAccess",
            },
            {
              "Action": [
                "xray:PutTraceSegments",
                "xray:PutTelemetryRecords",
                "xray:GetSamplingRules",
                "xray:GetSamplingTargets",
              ],
              "Effect": "Allow",
              "Resource": "*",
              "Sid": "XRayAccess",
            },
            {
              "Action": "cloudwatch:PutMetricData",
              "Condition": {
                "StringEquals": {
                  "cloudwatch:namespace": "bedrock-agentcore",
                },
              },
              "Effect": "Allow",
              "Resource": "*",
              "Sid": "CloudWatchMetrics",
            },
            {
              "Action": [
                "bedrock-agentcore:GetWorkloadAccessToken",
                "bedrock-agentcore:GetWorkloadAccessTokenForJWT",
                "bedrock-agentcore:GetWorkloadAccessTokenForUserId",
              ],
              "Effect": "Allow",
              "Resource": [
                {
                  "Fn::Join": [
                    "",
                    [
                      "arn:",
                      {
                        "Ref": "AWS::Partition",
                      },
                      ":bedrock-agentcore:us-east-1:000000000000:workload-identity-directory/default",
                    ],
                  ],
                },
                {
                  "Fn::Join": [
                    "",
                    [
                      "arn:",
                      {
                        "Ref": "AWS::Partition",
                      },
                      ":bedrock-agentcore:us-east-1:000000000000:workload-identity-directory/default/workload-identity/*",
                    ],
                  ],
                },
              ],
              "Sid": "GetAgentAccessToken",
            },
            {
              "Action": [
                "bedrock:InvokeModel",
                "bedrock:InvokeModelWithResponseStream",
                "bedrock:ListInferenceProfiles",
              ],
              "Effect": "Allow",
              "Resource": "*",
            },
            {
              "Action": [
                "ecr:BatchCheckLayerAvailability",
                "ecr:GetDownloadUrlForLayer",
                "ecr:BatchGetImage",
              ],
              "Effect": "Allow",
              "Resource": {
                "Fn::GetAtt": [
                  "AgentEcrRepo348BC794",
                  "Arn",
                ],
              },
            },
            {
              "Action": "ecr:GetAuthorizationToken",
              "Effect": "Allow",
              "Resource": "*",
            },
          ],
          "Version": "2012-10-17",
        },
        "PolicyName": "AgentRuntimeExecutionRoleDefaultPolicy392B5DE7",
        "Roles": [
          {
            "Ref": "AgentRuntimeExecutionRole23B45D24",
          },
        ],
      },
      "Type": "AWS::IAM::Policy",
    },
    "SecurityGroupDD263621": {
      "Properties": {
        "GroupDescription": "TestAgentCoreStack/SecurityGroup",
        "SecurityGroupEgress": [
          {
            "CidrIp": "0.0.0.0/0",
            "Description": "Allow all outbound traffic by default",
            "IpProtocol": "-1",
          },
        ],
        "VpcId": {
          "Fn::ImportValue": "VpcStack:ExportsOutputRefTestVpcE77CE67811D13B85",
        },
      },
      "Type": "AWS::EC2::SecurityGroup",
    },
  },
  "Rules": {
    "CheckBootstrapVersion": {
      "Assertions": [
        {
          "Assert": {
            "Fn::Not": [
              {
                "Fn::Contains": [
                  [
                    "1",
                    "2",
                    "3",
                    "4",
                    "5",
                  ],
                  {
                    "Ref": "BootstrapVersion",
                  },
                ],
              },
            ],
          },
          "AssertDescription": "CDK bootstrap stack version 6 required. Please run 'cdk bootstrap' with a recent version of the CDK CLI.",
        },
      ],
    },
  },
}
`;

exports[`Snapshot Tests ComputeStack 快照匹配 1`] = `
{
  "Outputs": {
    "AlbDnsName": {
      "Description": "ALB DNS name",
      "Value": {
        "Fn::GetAtt": [
          "Alb6F14D334",
          "DNSName",
        ],
      },
    },
    "EcsClusterName": {
      "Description": "ECS cluster name",
      "Value": {
        "Ref": "EcsClusterEAC0C105",
      },
    },
    "ServiceName": {
      "Description": "ECS service name",
      "Value": {
        "Fn::GetAtt": [
          "EcsService5196398A",
          "Name",
        ],
      },
    },
  },
  "Parameters": {
    "BootstrapVersion": {
      "Default": "/cdk-bootstrap/hnb659fds/version",
      "Description": "Version of the CDK Bootstrap resources in this environment, automatically retrieved from SSM Parameter Store. [cdk:skip]",
      "Type": "AWS::SSM::Parameter::Value<String>",
    },
  },
  "Resources": {
    "Alb6F14D334": {
      "Metadata": {
        "cdk_nag": {
          "rules_to_suppress": [
            {
              "id": "AwsSolutions-ELB2",
              "is_reason_encoded": true,
              "reason": "RGV2IOeOr+Wig+aaguS4jeWQr+eUqCBBTEIg6K6/6Zeu5pel5b+X77yM5ZCO57utIFByb2Qg546v5aKD6YWN572uIFMzIOiuv+mXruaXpeW/l+ahtg==",
            },
          ],
        },
      },
      "Properties": {
        "LoadBalancerAttributes": [
          {
            "Key": "deletion_protection.enabled",
            "Value": "false",
          },
        ],
        "Name": "ai-agents-dev",
        "Scheme": "internet-facing",
        "SecurityGroups": [
          {
            "Fn::GetAtt": [
              "AlbAlbSg6E384B2D",
              "GroupId",
            ],
          },
        ],
        "Subnets": [
          {
            "Fn::ImportValue": "DepsStack:ExportsOutputRefTestVpcPublicSubnet1SubnetA7DB1EDF095592DF",
          },
          {
            "Fn::ImportValue": "DepsStack:ExportsOutputRefTestVpcPublicSubnet2Subnet80A14523FD2CDFFC",
          },
          {
            "Fn::ImportValue": "DepsStack:ExportsOutputRefTestVpcPublicSubnet3SubnetACF816F1A74C3778",
          },
        ],
        "Type": "application",
      },
      "Type": "AWS::ElasticLoadBalancingV2::LoadBalancer",
    },
    "AlbAlbSg6E384B2D": {
      "Metadata": {
        "cdk_nag": {
          "rules_to_suppress": [
            {
              "id": "AwsSolutions-EC23",
              "is_reason_encoded": true,
              "reason": "QUxCIOmdouWQkeWFrOe9ke+8jOmcgOimgeWFgeiuuCAwLjAuMC4wLzAg55qEIEhUVFAg5YWl56uZ5rWB6YeP",
            },
          ],
        },
      },
      "Properties": {
        "GroupDescription": "ALB security group - public HTTP ingress",
        "SecurityGroupEgress": [
          {
            "CidrIp": "0.0.0.0/0",
            "Description": "Allow all outbound traffic by default",
            "IpProtocol": "-1",
          },
        ],
        "SecurityGroupIngress": [
          {
            "CidrIp": "0.0.0.0/0",
            "Description": "允许公网 HTTP 入站",
            "FromPort": 80,
            "IpProtocol": "tcp",
            "ToPort": 80,
          },
        ],
        "VpcId": {
          "Fn::ImportValue": "DepsStack:ExportsOutputRefTestVpcE77CE67811D13B85",
        },
      },
      "Type": "AWS::EC2::SecurityGroup",
    },
    "AlbHttpListenerC9825CF4": {
      "Metadata": {
        "cdk_nag": {
          "rules_to_suppress": [
            {
              "id": "AwsSolutions-ELB1",
              "is_reason_encoded": true,
              "reason": "RGV2IOeOr+Wig+S9v+eUqCBIVFRQICjnq6/lj6MgODAp77yMUHJvZCDnjq/looPlsIbphY3nva4gSFRUUFMgKyBUTFMg6K+B5Lmm",
            },
          ],
        },
      },
      "Properties": {
        "DefaultActions": [
          {
            "TargetGroupArn": {
              "Ref": "AlbTargetGroup3E290A92",
            },
            "Type": "forward",
          },
        ],
        "LoadBalancerArn": {
          "Ref": "Alb6F14D334",
        },
        "Port": 80,
        "Protocol": "HTTP",
      },
      "Type": "AWS::ElasticLoadBalancingV2::Listener",
    },
    "AlbTargetGroup3E290A92": {
      "Properties": {
        "HealthCheckIntervalSeconds": 30,
        "HealthCheckPath": "/health",
        "HealthCheckTimeoutSeconds": 5,
        "HealthyThresholdCount": 2,
        "Matcher": {
          "HttpCode": "200",
        },
        "Port": 8000,
        "Protocol": "HTTP",
        "TargetGroupAttributes": [
          {
            "Key": "stickiness.enabled",
            "Value": "false",
          },
        ],
        "TargetType": "ip",
        "UnhealthyThresholdCount": 3,
        "VpcId": {
          "Fn::ImportValue": "DepsStack:ExportsOutputRefTestVpcE77CE67811D13B85",
        },
      },
      "Type": "AWS::ElasticLoadBalancingV2::TargetGroup",
    },
    "EcsClusterEAC0C105": {
      "Properties": {
        "ClusterName": "ai-agents-dev",
        "ClusterSettings": [
          {
            "Name": "containerInsights",
            "Value": "enabled",
          },
        ],
      },
      "Type": "AWS::ECS::Cluster",
    },
    "EcsLogGroupAD27A916": {
      "DeletionPolicy": "Delete",
      "Properties": {
        "LogGroupName": "/ecs/ai-agents-platform/dev",
        "RetentionInDays": 7,
      },
      "Type": "AWS::Logs::LogGroup",
      "UpdateReplacePolicy": "Delete",
    },
    "EcsService5196398A": {
      "DependsOn": [
        "AlbHttpListenerC9825CF4",
        "EcsTaskDefTaskRoleDefaultPolicy65386597",
        "EcsTaskDefTaskRoleB35B9A53",
      ],
      "Properties": {
        "Cluster": {
          "Ref": "EcsClusterEAC0C105",
        },
        "DeploymentConfiguration": {
          "Alarms": {
            "AlarmNames": [],
            "Enable": false,
            "Rollback": false,
          },
          "MaximumPercent": 200,
          "MinimumHealthyPercent": 50,
        },
        "DesiredCount": 1,
        "EnableECSManagedTags": false,
        "HealthCheckGracePeriodSeconds": 60,
        "LaunchType": "FARGATE",
        "LoadBalancers": [
          {
            "ContainerName": "api",
            "ContainerPort": 8000,
            "TargetGroupArn": {
              "Ref": "AlbTargetGroup3E290A92",
            },
          },
        ],
        "NetworkConfiguration": {
          "AwsvpcConfiguration": {
            "AssignPublicIp": "DISABLED",
            "SecurityGroups": [
              {
                "Fn::GetAtt": [
                  "EcsServiceSg09379F9C",
                  "GroupId",
                ],
              },
            ],
            "Subnets": [
              {
                "Fn::ImportValue": "DepsStack:ExportsOutputRefTestVpcPrivateSubnet1SubnetCC65D7717F2BDF55",
              },
              {
                "Fn::ImportValue": "DepsStack:ExportsOutputRefTestVpcPrivateSubnet2SubnetDE0C64A2F7B9B6B1",
              },
              {
                "Fn::ImportValue": "DepsStack:ExportsOutputRefTestVpcPrivateSubnet3Subnet2311D32FD57B696C",
              },
            ],
          },
        },
        "TaskDefinition": {
          "Ref": "EcsTaskDefDB85D591",
        },
      },
      "Type": "AWS::ECS::Service",
    },
    "EcsServiceSg09379F9C": {
      "Properties": {
        "GroupDescription": "ECS Fargate service security group - ALB ingress only",
        "SecurityGroupEgress": [
          {
            "CidrIp": "0.0.0.0/0",
            "Description": "Allow all outbound traffic by default",
            "IpProtocol": "-1",
          },
        ],
        "VpcId": {
          "Fn::ImportValue": "DepsStack:ExportsOutputRefTestVpcE77CE67811D13B85",
        },
      },
      "Type": "AWS::EC2::SecurityGroup",
    },
    "EcsServiceSgfromTestComputeStackAlbAlbSgEC54E79F800056A11E9A": {
      "Properties": {
        "Description": "Allow ALB to access container port",
        "FromPort": 8000,
        "GroupId": {
          "Fn::GetAtt": [
            "EcsServiceSg09379F9C",
            "GroupId",
          ],
        },
        "IpProtocol": "tcp",
        "SourceSecurityGroupId": {
          "Fn::GetAtt": [
            "AlbAlbSg6E384B2D",
            "GroupId",
          ],
        },
        "ToPort": 8000,
      },
      "Type": "AWS::EC2::SecurityGroupIngress",
    },
    "EcsTaskDefDB85D591": {
      "Metadata": {
        "cdk_nag": {
          "rules_to_suppress": [
            {
              "id": "AwsSolutions-IAM4",
              "is_reason_encoded": true,
              "reason": "RUNTIFRhc2sgRXhlY3V0aW9uIFJvbGUg6ZyA6KaBIEFtYXpvbkVDU1Rhc2tFeGVjdXRpb25Sb2xlUG9saWN5IOaJmOeuoeetlueVpeaLieWPlumVnOWDj+WSjOWGmeWFpeaXpeW/lw==",
            },
            {
              "id": "AwsSolutions-IAM5",
              "is_reason_encoded": true,
              "reason": "RUNTIFRhc2sgRXhlY3V0aW9uIFJvbGUg55qEIGVjcjpHZXRBdXRob3JpemF0aW9uVG9rZW4g5ZKMIGxvZ3M6Q3JlYXRlTG9nU3RyZWFtIOmcgOimgemAmumFjeespui1hOa6kA==",
            },
            {
              "id": "AwsSolutions-ECS2",
              "is_reason_encoded": true,
              "reason": "RU5WX05BTUXjgIFEQVRBQkFTRV9IT1NU44CBREFUQUJBU0VfUE9SVCDkuLrpnZ7mlY/mhJ/phY3nva7pobnvvIzml6DpnIDpgJrov4cgU2VjcmV0cyBNYW5hZ2VyIOazqOWFpQ==",
            },
          ],
        },
      },
      "Properties": {
        "ContainerDefinitions": [
          {
            "Environment": [
              {
                "Name": "ENV_NAME",
                "Value": "dev",
              },
              {
                "Name": "DATABASE_HOST",
                "Value": "test-cluster.cluster-xyz.us-east-1.rds.amazonaws.com",
              },
              {
                "Name": "DATABASE_PORT",
                "Value": "3306",
              },
            ],
            "Essential": true,
            "HealthCheck": {
              "Command": [
                "CMD-SHELL",
                "curl -f http://localhost:8000/health || exit 1",
              ],
              "Interval": 30,
              "Retries": 3,
              "StartPeriod": 60,
              "Timeout": 5,
            },
            "Image": {
              "Fn::Sub": "000000000000.dkr.ecr.us-east-1.\${AWS::URLSuffix}/cdk-hnb659fds-container-assets-000000000000-us-east-1:42da0e9775dfff87a286f1a3ea3a9c6a88bc924928c0d8512fdee1acd7cb0491",
            },
            "LogConfiguration": {
              "LogDriver": "awslogs",
              "Options": {
                "awslogs-group": {
                  "Ref": "EcsLogGroupAD27A916",
                },
                "awslogs-region": "us-east-1",
                "awslogs-stream-prefix": "api",
              },
            },
            "Name": "api",
            "PortMappings": [
              {
                "ContainerPort": 8000,
                "Protocol": "tcp",
              },
            ],
            "Secrets": [
              {
                "Name": "DATABASE_SECRET",
                "ValueFrom": {
                  "Fn::ImportValue": "DepsStack:ExportsOutputRefTestDbSecret7BB7706D3D9ABD74",
                },
              },
            ],
          },
        ],
        "Cpu": "256",
        "ExecutionRoleArn": {
          "Fn::GetAtt": [
            "EcsTaskDefExecutionRoleEC72ADF6",
            "Arn",
          ],
        },
        "Family": "TestComputeStackEcsTaskDef1B224643",
        "Memory": "512",
        "NetworkMode": "awsvpc",
        "RequiresCompatibilities": [
          "FARGATE",
        ],
        "TaskRoleArn": {
          "Fn::GetAtt": [
            "EcsTaskDefTaskRoleB35B9A53",
            "Arn",
          ],
        },
      },
      "Type": "AWS::ECS::TaskDefinition",
    },
    "EcsTaskDefExecutionRoleDefaultPolicy274D7F70": {
      "Metadata": {
        "cdk_nag": {
          "rules_to_suppress": [
            {
              "id": "AwsSolutions-IAM4",
              "is_reason_encoded": true,
              "reason": "RUNTIFRhc2sgRXhlY3V0aW9uIFJvbGUg6ZyA6KaBIEFtYXpvbkVDU1Rhc2tFeGVjdXRpb25Sb2xlUG9saWN5IOaJmOeuoeetlueVpeaLieWPlumVnOWDj+WSjOWGmeWFpeaXpeW/lw==",
            },
            {
              "id": "AwsSolutions-IAM5",
              "is_reason_encoded": true,
              "reason": "RUNTIFRhc2sgRXhlY3V0aW9uIFJvbGUg55qEIGVjcjpHZXRBdXRob3JpemF0aW9uVG9rZW4g5ZKMIGxvZ3M6Q3JlYXRlTG9nU3RyZWFtIOmcgOimgemAmumFjeespui1hOa6kA==",
            },
            {
              "id": "AwsSolutions-ECS2",
              "is_reason_encoded": true,
              "reason": "RU5WX05BTUXjgIFEQVRBQkFTRV9IT1NU44CBREFUQUJBU0VfUE9SVCDkuLrpnZ7mlY/mhJ/phY3nva7pobnvvIzml6DpnIDpgJrov4cgU2VjcmV0cyBNYW5hZ2VyIOazqOWFpQ==",
            },
          ],
        },
      },
      "Properties": {
        "PolicyDocument": {
          "Statement": [
            {
              "Action": [
                "ecr:BatchCheckLayerAvailability",
                "ecr:GetDownloadUrlForLayer",
                "ecr:BatchGetImage",
              ],
              "Effect": "Allow",
              "Resource": {
                "Fn::Join": [
                  "",
                  [
                    "arn:",
                    {
                      "Ref": "AWS::Partition",
                    },
                    ":ecr:us-east-1:000000000000:repository/cdk-hnb659fds-container-assets-000000000000-us-east-1",
                  ],
                ],
              },
            },
            {
              "Action": "ecr:GetAuthorizationToken",
              "Effect": "Allow",
              "Resource": "*",
            },
            {
              "Action": [
                "logs:CreateLogStream",
                "logs:PutLogEvents",
              ],
              "Effect": "Allow",
              "Resource": {
                "Fn::GetAtt": [
                  "EcsLogGroupAD27A916",
                  "Arn",
                ],
              },
            },
            {
              "Action": [
                "secretsmanager:GetSecretValue",
                "secretsmanager:DescribeSecret",
              ],
              "Effect": "Allow",
              "Resource": {
                "Fn::ImportValue": "DepsStack:ExportsOutputRefTestDbSecret7BB7706D3D9ABD74",
              },
            },
          ],
          "Version": "2012-10-17",
        },
        "PolicyName": "EcsTaskDefExecutionRoleDefaultPolicy274D7F70",
        "Roles": [
          {
            "Ref": "EcsTaskDefExecutionRoleEC72ADF6",
          },
        ],
      },
      "Type": "AWS::IAM::Policy",
    },
    "EcsTaskDefExecutionRoleEC72ADF6": {
      "Metadata": {
        "cdk_nag": {
          "rules_to_suppress": [
            {
              "id": "AwsSolutions-IAM4",
              "is_reason_encoded": true,
              "reason": "RUNTIFRhc2sgRXhlY3V0aW9uIFJvbGUg6ZyA6KaBIEFtYXpvbkVDU1Rhc2tFeGVjdXRpb25Sb2xlUG9saWN5IOaJmOeuoeetlueVpeaLieWPlumVnOWDj+WSjOWGmeWFpeaXpeW/lw==",
            },
            {
              "id": "AwsSolutions-IAM5",
              "is_reason_encoded": true,
              "reason": "RUNTIFRhc2sgRXhlY3V0aW9uIFJvbGUg55qEIGVjcjpHZXRBdXRob3JpemF0aW9uVG9rZW4g5ZKMIGxvZ3M6Q3JlYXRlTG9nU3RyZWFtIOmcgOimgemAmumFjeespui1hOa6kA==",
            },
            {
              "id": "AwsSolutions-ECS2",
              "is_reason_encoded": true,
              "reason": "RU5WX05BTUXjgIFEQVRBQkFTRV9IT1NU44CBREFUQUJBU0VfUE9SVCDkuLrpnZ7mlY/mhJ/phY3nva7pobnvvIzml6DpnIDpgJrov4cgU2VjcmV0cyBNYW5hZ2VyIOazqOWFpQ==",
            },
          ],
        },
      },
      "Properties": {
        "AssumeRolePolicyDocument": {
          "Statement": [
            {
              "Action": "sts:AssumeRole",
              "Effect": "Allow",
              "Principal": {
                "Service": "ecs-tasks.amazonaws.com",
              },
            },
          ],
          "Version": "2012-10-17",
        },
      },
      "Type": "AWS::IAM::Role",
    },
    "EcsTaskDefTaskRoleB35B9A53": {
      "Metadata": {
        "cdk_nag": {
          "rules_to_suppress": [
            {
              "id": "AwsSolutions-IAM4",
              "is_reason_encoded": true,
              "reason": "RUNTIFRhc2sgRXhlY3V0aW9uIFJvbGUg6ZyA6KaBIEFtYXpvbkVDU1Rhc2tFeGVjdXRpb25Sb2xlUG9saWN5IOaJmOeuoeetlueVpeaLieWPlumVnOWDj+WSjOWGmeWFpeaXpeW/lw==",
            },
            {
              "id": "AwsSolutions-IAM5",
              "is_reason_encoded": true,
              "reason": "RUNTIFRhc2sgRXhlY3V0aW9uIFJvbGUg55qEIGVjcjpHZXRBdXRob3JpemF0aW9uVG9rZW4g5ZKMIGxvZ3M6Q3JlYXRlTG9nU3RyZWFtIOmcgOimgemAmumFjeespui1hOa6kA==",
            },
            {
              "id": "AwsSolutions-IAM5",
              "is_reason_encoded": true,
              "reason": "U2VjcmV0cyBNYW5hZ2VyIGdyYW50UmVhZCDlkowgS01TIGdyYW50RGVjcnlwdCDnlJ/miJDnmoTnrZbnlaXljIXlkKvlv4XopoHnmoTpgJrphY3nrKYgKHNlY3JldHNtYW5hZ2VyOkdldFNlY3JldFZhbHVlKQ==",
            },
            {
              "id": "AwsSolutions-ECS2",
              "is_reason_encoded": true,
              "reason": "RU5WX05BTUXjgIFEQVRBQkFTRV9IT1NU44CBREFUQUJBU0VfUE9SVCDkuLrpnZ7mlY/mhJ/phY3nva7pobnvvIzml6DpnIDpgJrov4cgU2VjcmV0cyBNYW5hZ2VyIOazqOWFpQ==",
            },
          ],
        },
      },
      "Properties": {
        "AssumeRolePolicyDocument": {
          "Statement": [
            {
              "Action": "sts:AssumeRole",
              "Effect": "Allow",
              "Principal": {
                "Service": "ecs-tasks.amazonaws.com",
              },
            },
          ],
          "Version": "2012-10-17",
        },
      },
      "Type": "AWS::IAM::Role",
    },
    "EcsTaskDefTaskRoleDefaultPolicy65386597": {
      "Metadata": {
        "cdk_nag": {
          "rules_to_suppress": [
            {
              "id": "AwsSolutions-IAM4",
              "is_reason_encoded": true,
              "reason": "RUNTIFRhc2sgRXhlY3V0aW9uIFJvbGUg6ZyA6KaBIEFtYXpvbkVDU1Rhc2tFeGVjdXRpb25Sb2xlUG9saWN5IOaJmOeuoeetlueVpeaLieWPlumVnOWDj+WSjOWGmeWFpeaXpeW/lw==",
            },
            {
              "id": "AwsSolutions-IAM5",
              "is_reason_encoded": true,
              "reason": "RUNTIFRhc2sgRXhlY3V0aW9uIFJvbGUg55qEIGVjcjpHZXRBdXRob3JpemF0aW9uVG9rZW4g5ZKMIGxvZ3M6Q3JlYXRlTG9nU3RyZWFtIOmcgOimgemAmumFjeespui1hOa6kA==",
            },
            {
              "id": "AwsSolutions-IAM5",
              "is_reason_encoded": true,
              "reason": "U2VjcmV0cyBNYW5hZ2VyIGdyYW50UmVhZCDlkowgS01TIGdyYW50RGVjcnlwdCDnlJ/miJDnmoTnrZbnlaXljIXlkKvlv4XopoHnmoTpgJrphY3nrKYgKHNlY3JldHNtYW5hZ2VyOkdldFNlY3JldFZhbHVlKQ==",
            },
            {
              "id": "AwsSolutions-ECS2",
              "is_reason_encoded": true,
              "reason": "RU5WX05BTUXjgIFEQVRBQkFTRV9IT1NU44CBREFUQUJBU0VfUE9SVCDkuLrpnZ7mlY/mhJ/phY3nva7pobnvvIzml6DpnIDpgJrov4cgU2VjcmV0cyBNYW5hZ2VyIOazqOWFpQ==",
            },
          ],
        },
      },
      "Properties": {
        "PolicyDocument": {
          "Statement": [
            {
              "Action": [
                "secretsmanager:GetSecretValue",
                "secretsmanager:DescribeSecret",
              ],
              "Effect": "Allow",
              "Resource": {
                "Fn::ImportValue": "DepsStack:ExportsOutputRefTestDbSecret7BB7706D3D9ABD74",
              },
            },
            {
              "Action": "kms:Decrypt",
              "Effect": "Allow",
              "Resource": {
                "Fn::ImportValue": "DepsStack:ExportsOutputFnGetAttTestKey4CACAF33ArnC56F7F92",
              },
            },
          ],
          "Version": "2012-10-17",
        },
        "PolicyName": "EcsTaskDefTaskRoleDefaultPolicy65386597",
        "Roles": [
          {
            "Ref": "EcsTaskDefTaskRoleB35B9A53",
          },
        ],
      },
      "Type": "AWS::IAM::Policy",
    },
    "EcsToDbIngress": {
      "Properties": {
        "Description": "Allow ECS service to access Aurora MySQL",
        "FromPort": 3306,
        "GroupId": {
          "Fn::ImportValue": "DepsStack:ExportsOutputFnGetAttTestDbSgB0618BB6GroupIdE332AF82",
        },
        "IpProtocol": "tcp",
        "SourceSecurityGroupId": {
          "Fn::GetAtt": [
            "EcsServiceSg09379F9C",
            "GroupId",
          ],
        },
        "ToPort": 3306,
      },
      "Type": "AWS::EC2::SecurityGroupIngress",
    },
  },
  "Rules": {
    "CheckBootstrapVersion": {
      "Assertions": [
        {
          "Assert": {
            "Fn::Not": [
              {
                "Fn::Contains": [
                  [
                    "1",
                    "2",
                    "3",
                    "4",
                    "5",
                  ],
                  {
                    "Ref": "BootstrapVersion",
                  },
                ],
              },
            ],
          },
          "AssertDescription": "CDK bootstrap stack version 6 required. Please run 'cdk bootstrap' with a recent version of the CDK CLI.",
        },
      ],
    },
  },
}
`;

exports[`Snapshot Tests DatabaseStack 快照匹配 1`] = `
{
  "Outputs": {
    "ClusterEndpoint": {
      "Description": "Aurora cluster endpoint",
      "Value": {
        "Fn::GetAtt": [
          "AuroraClusterD4EFE71C",
          "Endpoint.Address",
        ],
      },
    },
    "SecretArn": {
      "Description": "Database credentials Secret ARN",
      "Value": {
        "Ref": "AuroraClusterSecretAttachmentA6390515",
      },
    },
  },
  "Parameters": {
    "BootstrapVersion": {
      "Default": "/cdk-bootstrap/hnb659fds/version",
      "Description": "Version of the CDK Bootstrap resources in this environment, automatically retrieved from SSM Parameter Store. [cdk:skip]",
      "Type": "AWS::SSM::Parameter::Value<String>",
    },
  },
  "Resources": {
    "AuroraClusterD4EFE71C": {
      "DeletionPolicy": "Delete",
      "Metadata": {
        "cdk_nag": {
          "rules_to_suppress": [
            {
              "id": "AwsSolutions-RDS10",
              "is_reason_encoded": true,
              "reason": "RGV2IOeOr+Wig+S4jeWQr+eUqOWIoOmZpOS/neaKpOS7peaWueS+v+W8gOWPkei/reS7ozsgUHJvZCDnjq/looPlt7LlkK/nlKg=",
            },
            {
              "id": "AwsSolutions-RDS11",
              "is_reason_encoded": true,
              "reason": "5L2/55So6buY6K6kIE15U1FMIOerr+WPoyAzMzA277yM5pWw5o2u5bqT5ZyoIFBSSVZBVEVfSVNPTEFURUQg5a2Q572R5Lit77yM56uv5Y+j5re35reG5pS255uK5pyJ6ZmQ",
            },
            {
              "id": "AwsSolutions-RDS14",
              "is_reason_encoded": true,
              "reason": "QXVyb3JhIE15U1FMIEJhY2t0cmFjayDmmoLkuI3lkK/nlKjvvIzkvb/nlKjmoIflh4blpIfku73nrZbnlaUgKERldiA3IOWkqSAvIFByb2QgMzAg5aSpKQ==",
            },
            {
              "id": "AwsSolutions-RDS16",
              "is_reason_encoded": true,
              "reason": "ZGIudDMuc21hbGwg5a6e5L6L57G75Z6L5LiN5pSv5oyBIFBlcmZvcm1hbmNlIEluc2lnaHRz77yM5ZCO57ut5Y2H57qn5a6e5L6L57G75Z6L5ZCO5ZCv55So",
            },
            {
              "id": "AwsSolutions-SMG4",
              "is_reason_encoded": true,
              "reason": "5pWw5o2u5bqT5Yet6K+BIFNlY3JldCDnmoToh6rliqjova7mjaLlsIblnKjlkI7nu63ov63ku6PkuK3phY3nva4gTGFtYmRhIOi9ruaNouWHveaVsA==",
            },
          ],
        },
      },
      "Properties": {
        "BackupRetentionPeriod": 7,
        "CopyTagsToSnapshot": true,
        "DBClusterParameterGroupName": "default.aurora-mysql8.0",
        "DBSubnetGroupName": {
          "Ref": "AuroraClusterSubnets1025DD82",
        },
        "DatabaseName": "ai_agents_platform",
        "DeletionProtection": false,
        "EnableCloudwatchLogsExports": [
          "error",
          "slowquery",
        ],
        "EnableIAMDatabaseAuthentication": true,
        "Engine": "aurora-mysql",
        "EngineVersion": "8.0.mysql_aurora.3.10.0",
        "KmsKeyId": {
          "Fn::ImportValue": "VpcStack:ExportsOutputFnGetAttTestKey4CACAF33ArnC56F7F92",
        },
        "MasterUserPassword": {
          "Fn::Join": [
            "",
            [
              "{{resolve:secretsmanager:",
              {
                "Ref": "TestDatabaseStackAuroraClusterSecret4F48A0193fdaad7efa858a3daf9490cf0a702aeb",
              },
              ":SecretString:password::}}",
            ],
          ],
        },
        "MasterUsername": "admin",
        "StorageEncrypted": true,
        "VpcSecurityGroupIds": [
          {
            "Fn::ImportValue": "VpcStack:ExportsOutputFnGetAttTestDbSgB0618BB6GroupIdE332AF82",
          },
        ],
      },
      "Type": "AWS::RDS::DBCluster",
      "UpdateReplacePolicy": "Delete",
    },
    "AuroraClusterSecretAttachmentA6390515": {
      "Metadata": {
        "cdk_nag": {
          "rules_to_suppress": [
            {
              "id": "AwsSolutions-RDS10",
              "is_reason_encoded": true,
              "reason": "RGV2IOeOr+Wig+S4jeWQr+eUqOWIoOmZpOS/neaKpOS7peaWueS+v+W8gOWPkei/reS7ozsgUHJvZCDnjq/looPlt7LlkK/nlKg=",
            },
            {
              "id": "AwsSolutions-RDS11",
              "is_reason_encoded": true,
              "reason": "5L2/55So6buY6K6kIE15U1FMIOerr+WPoyAzMzA277yM5pWw5o2u5bqT5ZyoIFBSSVZBVEVfSVNPTEFURUQg5a2Q572R5Lit77yM56uv5Y+j5re35reG5pS255uK5pyJ6ZmQ",
            },
            {
              "id": "AwsSolutions-RDS14",
              "is_reason_encoded": true,
              "reason": "QXVyb3JhIE15U1FMIEJhY2t0cmFjayDmmoLkuI3lkK/nlKjvvIzkvb/nlKjmoIflh4blpIfku73nrZbnlaUgKERldiA3IOWkqSAvIFByb2QgMzAg5aSpKQ==",
            },
            {
              "id": "AwsSolutions-RDS16",
              "is_reason_encoded": true,
              "reason": "ZGIudDMuc21hbGwg5a6e5L6L57G75Z6L5LiN5pSv5oyBIFBlcmZvcm1hbmNlIEluc2lnaHRz77yM5ZCO57ut5Y2H57qn5a6e5L6L57G75Z6L5ZCO5ZCv55So",
            },
            {
              "id": "AwsSolutions-SMG4",
              "is_reason_encoded": true,
              "reason": "5pWw5o2u5bqT5Yet6K+BIFNlY3JldCDnmoToh6rliqjova7mjaLlsIblnKjlkI7nu63ov63ku6PkuK3phY3nva4gTGFtYmRhIOi9ruaNouWHveaVsA==",
            },
          ],
        },
      },
      "Properties": {
        "SecretId": {
          "Ref": "TestDatabaseStackAuroraClusterSecret4F48A0193fdaad7efa858a3daf9490cf0a702aeb",
        },
        "TargetId": {
          "Ref": "AuroraClusterD4EFE71C",
        },
        "TargetType": "AWS::RDS::DBCluster",
      },
      "Type": "AWS::SecretsManager::SecretTargetAttachment",
    },
    "AuroraClusterSubnets1025DD82": {
      "Metadata": {
        "cdk_nag": {
          "rules_to_suppress": [
            {
              "id": "AwsSolutions-RDS10",
              "is_reason_encoded": true,
              "reason": "RGV2IOeOr+Wig+S4jeWQr+eUqOWIoOmZpOS/neaKpOS7peaWueS+v+W8gOWPkei/reS7ozsgUHJvZCDnjq/looPlt7LlkK/nlKg=",
            },
            {
              "id": "AwsSolutions-RDS11",
              "is_reason_encoded": true,
              "reason": "5L2/55So6buY6K6kIE15U1FMIOerr+WPoyAzMzA277yM5pWw5o2u5bqT5ZyoIFBSSVZBVEVfSVNPTEFURUQg5a2Q572R5Lit77yM56uv5Y+j5re35reG5pS255uK5pyJ6ZmQ",
            },
            {
              "id": "AwsSolutions-RDS14",
              "is_reason_encoded": true,
              "reason": "QXVyb3JhIE15U1FMIEJhY2t0cmFjayDmmoLkuI3lkK/nlKjvvIzkvb/nlKjmoIflh4blpIfku73nrZbnlaUgKERldiA3IOWkqSAvIFByb2QgMzAg5aSpKQ==",
            },
            {
              "id": "AwsSolutions-RDS16",
              "is_reason_encoded": true,
              "reason": "ZGIudDMuc21hbGwg5a6e5L6L57G75Z6L5LiN5pSv5oyBIFBlcmZvcm1hbmNlIEluc2lnaHRz77yM5ZCO57ut5Y2H57qn5a6e5L6L57G75Z6L5ZCO5ZCv55So",
            },
            {
              "id": "AwsSolutions-SMG4",
              "is_reason_encoded": true,
              "reason": "5pWw5o2u5bqT5Yet6K+BIFNlY3JldCDnmoToh6rliqjova7mjaLlsIblnKjlkI7nu63ov63ku6PkuK3phY3nva4gTGFtYmRhIOi9ruaNouWHveaVsA==",
            },
          ],
        },
      },
      "Properties": {
        "DBSubnetGroupDescription": "Subnets for Cluster database",
        "SubnetIds": [
          {
            "Fn::ImportValue": "VpcStack:ExportsOutputRefTestVpcIsolatedSubnet1Subnet541B14FE848D3E5B",
          },
          {
            "Fn::ImportValue": "VpcStack:ExportsOutputRefTestVpcIsolatedSubnet2Subnet3A7015F131EC11EB",
          },
          {
            "Fn::ImportValue": "VpcStack:ExportsOutputRefTestVpcIsolatedSubnet3SubnetB851B521DC355A6D",
          },
        ],
      },
      "Type": "AWS::RDS::DBSubnetGroup",
    },
    "AuroraClusterWriter398336D3": {
      "DeletionPolicy": "Delete",
      "Metadata": {
        "cdk_nag": {
          "rules_to_suppress": [
            {
              "id": "AwsSolutions-RDS10",
              "is_reason_encoded": true,
              "reason": "RGV2IOeOr+Wig+S4jeWQr+eUqOWIoOmZpOS/neaKpOS7peaWueS+v+W8gOWPkei/reS7ozsgUHJvZCDnjq/looPlt7LlkK/nlKg=",
            },
            {
              "id": "AwsSolutions-RDS11",
              "is_reason_encoded": true,
              "reason": "5L2/55So6buY6K6kIE15U1FMIOerr+WPoyAzMzA277yM5pWw5o2u5bqT5ZyoIFBSSVZBVEVfSVNPTEFURUQg5a2Q572R5Lit77yM56uv5Y+j5re35reG5pS255uK5pyJ6ZmQ",
            },
            {
              "id": "AwsSolutions-RDS14",
              "is_reason_encoded": true,
              "reason": "QXVyb3JhIE15U1FMIEJhY2t0cmFjayDmmoLkuI3lkK/nlKjvvIzkvb/nlKjmoIflh4blpIfku73nrZbnlaUgKERldiA3IOWkqSAvIFByb2QgMzAg5aSpKQ==",
            },
            {
              "id": "AwsSolutions-RDS16",
              "is_reason_encoded": true,
              "reason": "ZGIudDMuc21hbGwg5a6e5L6L57G75Z6L5LiN5pSv5oyBIFBlcmZvcm1hbmNlIEluc2lnaHRz77yM5ZCO57ut5Y2H57qn5a6e5L6L57G75Z6L5ZCO5ZCv55So",
            },
            {
              "id": "AwsSolutions-SMG4",
              "is_reason_encoded": true,
              "reason": "5pWw5o2u5bqT5Yet6K+BIFNlY3JldCDnmoToh6rliqjova7mjaLlsIblnKjlkI7nu63ov63ku6PkuK3phY3nva4gTGFtYmRhIOi9ruaNouWHveaVsA==",
            },
          ],
        },
      },
      "Properties": {
        "DBClusterIdentifier": {
          "Ref": "AuroraClusterD4EFE71C",
        },
        "DBInstanceClass": "db.t3.medium",
        "Engine": "aurora-mysql",
        "PromotionTier": 0,
        "PubliclyAccessible": false,
      },
      "Type": "AWS::RDS::DBInstance",
      "UpdateReplacePolicy": "Delete",
    },
    "TestDatabaseStackAuroraClusterSecret4F48A0193fdaad7efa858a3daf9490cf0a702aeb": {
      "DeletionPolicy": "Delete",
      "Metadata": {
        "cdk_nag": {
          "rules_to_suppress": [
            {
              "id": "AwsSolutions-RDS10",
              "is_reason_encoded": true,
              "reason": "RGV2IOeOr+Wig+S4jeWQr+eUqOWIoOmZpOS/neaKpOS7peaWueS+v+W8gOWPkei/reS7ozsgUHJvZCDnjq/looPlt7LlkK/nlKg=",
            },
            {
              "id": "AwsSolutions-RDS11",
              "is_reason_encoded": true,
              "reason": "5L2/55So6buY6K6kIE15U1FMIOerr+WPoyAzMzA277yM5pWw5o2u5bqT5ZyoIFBSSVZBVEVfSVNPTEFURUQg5a2Q572R5Lit77yM56uv5Y+j5re35reG5pS255uK5pyJ6ZmQ",
            },
            {
              "id": "AwsSolutions-RDS14",
              "is_reason_encoded": true,
              "reason": "QXVyb3JhIE15U1FMIEJhY2t0cmFjayDmmoLkuI3lkK/nlKjvvIzkvb/nlKjmoIflh4blpIfku73nrZbnlaUgKERldiA3IOWkqSAvIFByb2QgMzAg5aSpKQ==",
            },
            {
              "id": "AwsSolutions-RDS16",
              "is_reason_encoded": true,
              "reason": "ZGIudDMuc21hbGwg5a6e5L6L57G75Z6L5LiN5pSv5oyBIFBlcmZvcm1hbmNlIEluc2lnaHRz77yM5ZCO57ut5Y2H57qn5a6e5L6L57G75Z6L5ZCO5ZCv55So",
            },
            {
              "id": "AwsSolutions-SMG4",
              "is_reason_encoded": true,
              "reason": "5pWw5o2u5bqT5Yet6K+BIFNlY3JldCDnmoToh6rliqjova7mjaLlsIblnKjlkI7nu63ov63ku6PkuK3phY3nva4gTGFtYmRhIOi9ruaNouWHveaVsA==",
            },
          ],
        },
      },
      "Properties": {
        "Description": {
          "Fn::Join": [
            "",
            [
              "Generated by the CDK for stack: ",
              {
                "Ref": "AWS::StackName",
              },
            ],
          ],
        },
        "GenerateSecretString": {
          "ExcludeCharacters": " %+~\`#$&*()|[]{}:;<>?!'/@"\\",
          "GenerateStringKey": "password",
          "PasswordLength": 30,
          "SecretStringTemplate": "{"username":"admin"}",
        },
        "Name": "dev/ai-agents-platform/db-credentials",
      },
      "Type": "AWS::SecretsManager::Secret",
      "UpdateReplacePolicy": "Delete",
    },
  },
  "Rules": {
    "CheckBootstrapVersion": {
      "Assertions": [
        {
          "Assert": {
            "Fn::Not": [
              {
                "Fn::Contains": [
                  [
                    "1",
                    "2",
                    "3",
                    "4",
                    "5",
                  ],
                  {
                    "Ref": "BootstrapVersion",
                  },
                ],
              },
            ],
          },
          "AssertDescription": "CDK bootstrap stack version 6 required. Please run 'cdk bootstrap' with a recent version of the CDK CLI.",
        },
      ],
    },
  },
}
`;

exports[`Snapshot Tests NetworkStack 快照匹配 1`] = `
{
  "Outputs": {
    "VpcId": {
      "Description": "VPC ID",
      "Value": {
        "Ref": "VpcConstructVpc3805DAA4",
      },
    },
  },
  "Parameters": {
    "BootstrapVersion": {
      "Default": "/cdk-bootstrap/hnb659fds/version",
      "Description": "Version of the CDK Bootstrap resources in this environment, automatically retrieved from SSM Parameter Store. [cdk:skip]",
      "Type": "AWS::SSM::Parameter::Value<String>",
    },
  },
  "Resources": {
    "VpcConstructVpc3805DAA4": {
      "Properties": {
        "CidrBlock": "10.0.0.0/16",
        "EnableDnsHostnames": true,
        "EnableDnsSupport": true,
        "InstanceTenancy": "default",
        "Tags": [
          {
            "Key": "Name",
            "Value": "TestNetworkStack/VpcConstruct/Vpc",
          },
        ],
      },
      "Type": "AWS::EC2::VPC",
    },
    "VpcConstructVpcFlowLogFBFE5991": {
      "Properties": {
        "DeliverLogsPermissionArn": {
          "Fn::GetAtt": [
            "VpcConstructVpcFlowLogIAMRole436BF95C",
            "Arn",
          ],
        },
        "LogDestinationType": "cloud-watch-logs",
        "LogGroupName": {
          "Ref": "VpcConstructVpcFlowLogLogGroupD7969A48",
        },
        "ResourceId": {
          "Ref": "VpcConstructVpc3805DAA4",
        },
        "ResourceType": "VPC",
        "Tags": [
          {
            "Key": "Name",
            "Value": "TestNetworkStack/VpcConstruct/Vpc/FlowLog",
          },
        ],
        "TrafficType": "ALL",
      },
      "Type": "AWS::EC2::FlowLog",
    },
    "VpcConstructVpcFlowLogIAMRole436BF95C": {
      "Properties": {
        "AssumeRolePolicyDocument": {
          "Statement": [
            {
              "Action": "sts:AssumeRole",
              "Effect": "Allow",
              "Principal": {
                "Service": "vpc-flow-logs.amazonaws.com",
              },
            },
          ],
          "Version": "2012-10-17",
        },
        "Tags": [
          {
            "Key": "Name",
            "Value": "TestNetworkStack/VpcConstruct/Vpc/FlowLog",
          },
        ],
      },
      "Type": "AWS::IAM::Role",
    },
    "VpcConstructVpcFlowLogIAMRoleDefaultPolicy0FABD477": {
      "Properties": {
        "PolicyDocument": {
          "Statement": [
            {
              "Action": [
                "logs:CreateLogStream",
                "logs:PutLogEvents",
                "logs:DescribeLogStreams",
              ],
              "Effect": "Allow",
              "Resource": {
                "Fn::GetAtt": [
                  "VpcConstructVpcFlowLogLogGroupD7969A48",
                  "Arn",
                ],
              },
            },
          ],
          "Version": "2012-10-17",
        },
        "PolicyName": "VpcConstructVpcFlowLogIAMRoleDefaultPolicy0FABD477",
        "Roles": [
          {
            "Ref": "VpcConstructVpcFlowLogIAMRole436BF95C",
          },
        ],
      },
      "Type": "AWS::IAM::Policy",
    },
    "VpcConstructVpcFlowLogLogGroupD7969A48": {
      "DeletionPolicy": "Retain",
      "Properties": {
        "RetentionInDays": 731,
        "Tags": [
          {
            "Key": "Name",
            "Value": "TestNetworkStack/VpcConstruct/Vpc/FlowLog",
          },
        ],
      },
      "Type": "AWS::Logs::LogGroup",
      "UpdateReplacePolicy": "Retain",
    },
    "VpcConstructVpcIGWEF0A1417": {
      "Properties": {
        "Tags": [
          {
            "Key": "Name",
            "Value": "TestNetworkStack/VpcConstruct/Vpc",
          },
        ],
      },
      "Type": "AWS::EC2::InternetGateway",
    },
    "VpcConstructVpcIsolatedSubnet1RouteTableAssociationA4CD73D2": {
      "Properties": {
        "RouteTableId": {
          "Ref": "VpcConstructVpcIsolatedSubnet1RouteTableE12CC40A",
        },
        "SubnetId": {
          "Ref": "VpcConstructVpcIsolatedSubnet1Subnet6C529D41",
        },
      },
      "Type": "AWS::EC2::SubnetRouteTableAssociation",
    },
    "VpcConstructVpcIsolatedSubnet1RouteTableE12CC40A": {
      "Properties": {
        "Tags": [
          {
            "Key": "Name",
            "Value": "TestNetworkStack/VpcConstruct/Vpc/IsolatedSubnet1",
          },
        ],
        "VpcId": {
          "Ref": "VpcConstructVpc3805DAA4",
        },
      },
      "Type": "AWS::EC2::RouteTable",
    },
    "VpcConstructVpcIsolatedSubnet1Subnet6C529D41": {
      "Properties": {
        "AvailabilityZone": "dummy1a",
        "CidrBlock": "10.0.6.0/24",
        "MapPublicIpOnLaunch": false,
        "Tags": [
          {
            "Key": "aws-cdk:subnet-name",
            "Value": "Isolated",
          },
          {
            "Key": "aws-cdk:subnet-type",
            "Value": "Isolated",
          },
          {
            "Key": "Name",
            "Value": "TestNetworkStack/VpcConstruct/Vpc/IsolatedSubnet1",
          },
        ],
        "VpcId": {
          "Ref": "VpcConstructVpc3805DAA4",
        },
      },
      "Type": "AWS::EC2::Subnet",
    },
    "VpcConstructVpcIsolatedSubnet2RouteTable558CF25D": {
      "Properties": {
        "Tags": [
          {
            "Key": "Name",
            "Value": "TestNetworkStack/VpcConstruct/Vpc/IsolatedSubnet2",
          },
        ],
        "VpcId": {
          "Ref": "VpcConstructVpc3805DAA4",
        },
      },
      "Type": "AWS::EC2::RouteTable",
    },
    "VpcConstructVpcIsolatedSubnet2RouteTableAssociation4567819C": {
      "Properties": {
        "RouteTableId": {
          "Ref": "VpcConstructVpcIsolatedSubnet2RouteTable558CF25D",
        },
        "SubnetId": {
          "Ref": "VpcConstructVpcIsolatedSubnet2Subnet82AEC074",
        },
      },
      "Type": "AWS::EC2::SubnetRouteTableAssociation",
    },
    "VpcConstructVpcIsolatedSubnet2Subnet82AEC074": {
      "Properties": {
        "AvailabilityZone": "dummy1b",
        "CidrBlock": "10.0.7.0/24",
        "MapPublicIpOnLaunch": false,
        "Tags": [
          {
            "Key": "aws-cdk:subnet-name",
            "Value": "Isolated",
          },
          {
            "Key": "aws-cdk:subnet-type",
            "Value": "Isolated",
          },
          {
            "Key": "Name",
            "Value": "TestNetworkStack/VpcConstruct/Vpc/IsolatedSubnet2",
          },
        ],
        "VpcId": {
          "Ref": "VpcConstructVpc3805DAA4",
        },
      },
      "Type": "AWS::EC2::Subnet",
    },
    "VpcConstructVpcIsolatedSubnet3RouteTableAC57213B": {
      "Properties": {
        "Tags": [
          {
            "Key": "Name",
            "Value": "TestNetworkStack/VpcConstruct/Vpc/IsolatedSubnet3",
          },
        ],
        "VpcId": {
          "Ref": "VpcConstructVpc3805DAA4",
        },
      },
      "Type": "AWS::EC2::RouteTable",
    },
    "VpcConstructVpcIsolatedSubnet3RouteTableAssociation3E7D4434": {
      "Properties": {
        "RouteTableId": {
          "Ref": "VpcConstructVpcIsolatedSubnet3RouteTableAC57213B",
        },
        "SubnetId": {
          "Ref": "VpcConstructVpcIsolatedSubnet3Subnet9EFE7975",
        },
      },
      "Type": "AWS::EC2::SubnetRouteTableAssociation",
    },
    "VpcConstructVpcIsolatedSubnet3Subnet9EFE7975": {
      "Properties": {
        "AvailabilityZone": "dummy1c",
        "CidrBlock": "10.0.8.0/24",
        "MapPublicIpOnLaunch": false,
        "Tags": [
          {
            "Key": "aws-cdk:subnet-name",
            "Value": "Isolated",
          },
          {
            "Key": "aws-cdk:subnet-type",
            "Value": "Isolated",
          },
          {
            "Key": "Name",
            "Value": "TestNetworkStack/VpcConstruct/Vpc/IsolatedSubnet3",
          },
        ],
        "VpcId": {
          "Ref": "VpcConstructVpc3805DAA4",
        },
      },
      "Type": "AWS::EC2::Subnet",
    },
    "VpcConstructVpcPrivateSubnet1DefaultRoute74CC6283": {
      "Properties": {
        "DestinationCidrBlock": "0.0.0.0/0",
        "NatGatewayId": {
          "Ref": "VpcConstructVpcPublicSubnet1NATGatewayAC5B8D30",
        },
        "RouteTableId": {
          "Ref": "VpcConstructVpcPrivateSubnet1RouteTable4A22E9B0",
        },
      },
      "Type": "AWS::EC2::Route",
    },
    "VpcConstructVpcPrivateSubnet1RouteTable4A22E9B0": {
      "Properties": {
        "Tags": [
          {
            "Key": "Name",
            "Value": "TestNetworkStack/VpcConstruct/Vpc/PrivateSubnet1",
          },
        ],
        "VpcId": {
          "Ref": "VpcConstructVpc3805DAA4",
        },
      },
      "Type": "AWS::EC2::RouteTable",
    },
    "VpcConstructVpcPrivateSubnet1RouteTableAssociationCBF38271": {
      "Properties": {
        "RouteTableId": {
          "Ref": "VpcConstructVpcPrivateSubnet1RouteTable4A22E9B0",
        },
        "SubnetId": {
          "Ref": "VpcConstructVpcPrivateSubnet1Subnet6F75C6CC",
        },
      },
      "Type": "AWS::EC2::SubnetRouteTableAssociation",
    },
    "VpcConstructVpcPrivateSubnet1Subnet6F75C6CC": {
      "Properties": {
        "AvailabilityZone": "dummy1a",
        "CidrBlock": "10.0.3.0/24",
        "MapPublicIpOnLaunch": false,
        "Tags": [
          {
            "Key": "aws-cdk:subnet-name",
            "Value": "Private",
          },
          {
            "Key": "aws-cdk:subnet-type",
            "Value": "Private",
          },
          {
            "Key": "Name",
            "Value": "TestNetworkStack/VpcConstruct/Vpc/PrivateSubnet1",
          },
        ],
        "VpcId": {
          "Ref": "VpcConstructVpc3805DAA4",
        },
      },
      "Type": "AWS::EC2::Subnet",
    },
    "VpcConstructVpcPrivateSubnet2DefaultRouteE1DD5E5C": {
      "Properties": {
        "DestinationCidrBlock": "0.0.0.0/0",
        "NatGatewayId": {
          "Ref": "VpcConstructVpcPublicSubnet1NATGatewayAC5B8D30",
        },
        "RouteTableId": {
          "Ref": "VpcConstructVpcPrivateSubnet2RouteTable8CAFC294",
        },
      },
      "Type": "AWS::EC2::Route",
    },
    "VpcConstructVpcPrivateSubnet2RouteTable8CAFC294": {
      "Properties": {
        "Tags": [
          {
            "Key": "Name",
            "Value": "TestNetworkStack/VpcConstruct/Vpc/PrivateSubnet2",
          },
        ],
        "VpcId": {
          "Ref": "VpcConstructVpc3805DAA4",
        },
      },
      "Type": "AWS::EC2::RouteTable",
    },
    "VpcConstructVpcPrivateSubnet2RouteTableAssociation30321E0F": {
      "Properties": {
        "RouteTableId": {
          "Ref": "VpcConstructVpcPrivateSubnet2RouteTable8CAFC294",
        },
        "SubnetId": {
          "Ref": "VpcConstructVpcPrivateSubnet2SubnetEA9D1CCF",
        },
      },
      "Type": "AWS::EC2::SubnetRouteTableAssociation",
    },
    "VpcConstructVpcPrivateSubnet2SubnetEA9D1CCF": {
      "Properties": {
        "AvailabilityZone": "dummy1b",
        "CidrBlock": "10.0.4.0/24",
        "MapPublicIpOnLaunch": false,
        "Tags": [
          {
            "Key": "aws-cdk:subnet-name",
            "Value": "Private",
          },
          {
            "Key": "aws-cdk:subnet-type",
            "Value": "Private",
          },
          {
            "Key": "Name",
            "Value": "TestNetworkStack/VpcConstruct/Vpc/PrivateSubnet2",
          },
        ],
        "VpcId": {
          "Ref": "VpcConstructVpc3805DAA4",
        },
      },
      "Type": "AWS::EC2::Subnet",
    },
    "VpcConstructVpcPrivateSubnet3DefaultRoute6B792C40": {
      "Properties": {
        "DestinationCidrBlock": "0.0.0.0/0",
        "NatGatewayId": {
          "Ref": "VpcConstructVpcPublicSubnet1NATGatewayAC5B8D30",
        },
        "RouteTableId": {
          "Ref": "VpcConstructVpcPrivateSubnet3RouteTableE1EAE810",
        },
      },
      "Type": "AWS::EC2::Route",
    },
    "VpcConstructVpcPrivateSubnet3RouteTableAssociationB3B83FF0": {
      "Properties": {
        "RouteTableId": {
          "Ref": "VpcConstructVpcPrivateSubnet3RouteTableE1EAE810",
        },
        "SubnetId": {
          "Ref": "VpcConstructVpcPrivateSubnet3Subnet1C8F75F0",
        },
      },
      "Type": "AWS::EC2::SubnetRouteTableAssociation",
    },
    "VpcConstructVpcPrivateSubnet3RouteTableE1EAE810": {
      "Properties": {
        "Tags": [
          {
            "Key": "Name",
            "Value": "TestNetworkStack/VpcConstruct/Vpc/PrivateSubnet3",
          },
        ],
        "VpcId": {
          "Ref": "VpcConstructVpc3805DAA4",
        },
      },
      "Type": "AWS::EC2::RouteTable",
    },
    "VpcConstructVpcPrivateSubnet3Subnet1C8F75F0": {
      "Properties": {
        "AvailabilityZone": "dummy1c",
        "CidrBlock": "10.0.5.0/24",
        "MapPublicIpOnLaunch": false,
        "Tags": [
          {
            "Key": "aws-cdk:subnet-name",
            "Value": "Private",
          },
          {
            "Key": "aws-cdk:subnet-type",
            "Value": "Private",
          },
          {
            "Key": "Name",
            "Value": "TestNetworkStack/VpcConstruct/Vpc/PrivateSubnet3",
          },
        ],
        "VpcId": {
          "Ref": "VpcConstructVpc3805DAA4",
        },
      },
      "Type": "AWS::EC2::Subnet",
    },
    "VpcConstructVpcPublicSubnet1DefaultRoute19512509": {
      "DependsOn": [
        "VpcConstructVpcVPCGW1B486578",
      ],
      "Properties": {
        "DestinationCidrBlock": "0.0.0.0/0",
        "GatewayId": {
          "Ref": "VpcConstructVpcIGWEF0A1417",
        },
        "RouteTableId": {
          "Ref": "VpcConstructVpcPublicSubnet1RouteTable86FD3C2E",
        },
      },
      "Type": "AWS::EC2::Route",
    },
    "VpcConstructVpcPublicSubnet1EIPBB69F383": {
      "Properties": {
        "Domain": "vpc",
        "Tags": [
          {
            "Key": "Name",
            "Value": "TestNetworkStack/VpcConstruct/Vpc/PublicSubnet1",
          },
        ],
      },
      "Type": "AWS::EC2::EIP",
    },
    "VpcConstructVpcPublicSubnet1NATGatewayAC5B8D30": {
      "DependsOn": [
        "VpcConstructVpcPublicSubnet1DefaultRoute19512509",
        "VpcConstructVpcPublicSubnet1RouteTableAssociation6FC97BDA",
      ],
      "Properties": {
        "AllocationId": {
          "Fn::GetAtt": [
            "VpcConstructVpcPublicSubnet1EIPBB69F383",
            "AllocationId",
          ],
        },
        "SubnetId": {
          "Ref": "VpcConstructVpcPublicSubnet1SubnetDD7139F9",
        },
        "Tags": [
          {
            "Key": "Name",
            "Value": "TestNetworkStack/VpcConstruct/Vpc/PublicSubnet1",
          },
        ],
      },
      "Type": "AWS::EC2::NatGateway",
    },
    "VpcConstructVpcPublicSubnet1RouteTable86FD3C2E": {
      "Properties": {
        "Tags": [
          {
            "Key": "Name",
            "Value": "TestNetworkStack/VpcConstruct/Vpc/PublicSubnet1",
          },
        ],
        "VpcId": {
          "Ref": "VpcConstructVpc3805DAA4",
        },
      },
      "Type": "AWS::EC2::RouteTable",
    },
    "VpcConstructVpcPublicSubnet1RouteTableAssociation6FC97BDA": {
      "Properties": {
        "RouteTableId": {
          "Ref": "VpcConstructVpcPublicSubnet1RouteTable86FD3C2E",
        },
        "SubnetId": {
          "Ref": "VpcConstructVpcPublicSubnet1SubnetDD7139F9",
        },
      },
      "Type": "AWS::EC2::SubnetRouteTableAssociation",
    },
    "VpcConstructVpcPublicSubnet1SubnetDD7139F9": {
      "Properties": {
        "AvailabilityZone": "dummy1a",
        "CidrBlock": "10.0.0.0/24",
        "MapPublicIpOnLaunch": true,
        "Tags": [
          {
            "Key": "aws-cdk:subnet-name",
            "Value": "Public",
          },
          {
            "Key": "aws-cdk:subnet-type",
            "Value": "Public",
          },
          {
            "Key": "Name",
            "Value": "TestNetworkStack/VpcConstruct/Vpc/PublicSubnet1",
          },
        ],
        "VpcId": {
          "Ref": "VpcConstructVpc3805DAA4",
        },
      },
      "Type": "AWS::EC2::Subnet",
    },
    "VpcConstructVpcPublicSubnet2DefaultRouteDF17EB05": {
      "DependsOn": [
        "VpcConstructVpcVPCGW1B486578",
      ],
      "Properties": {
        "DestinationCidrBlock": "0.0.0.0/0",
        "GatewayId": {
          "Ref": "VpcConstructVpcIGWEF0A1417",
        },
        "RouteTableId": {
          "Ref": "VpcConstructVpcPublicSubnet2RouteTableFB581907",
        },
      },
      "Type": "AWS::EC2::Route",
    },
    "VpcConstructVpcPublicSubnet2RouteTableAssociationFE2393CB": {
      "Properties": {
        "RouteTableId": {
          "Ref": "VpcConstructVpcPublicSubnet2RouteTableFB581907",
        },
        "SubnetId": {
          "Ref": "VpcConstructVpcPublicSubnet2Subnet24509F7A",
        },
      },
      "Type": "AWS::EC2::SubnetRouteTableAssociation",
    },
    "VpcConstructVpcPublicSubnet2RouteTableFB581907": {
      "Properties": {
        "Tags": [
          {
            "Key": "Name",
            "Value": "TestNetworkStack/VpcConstruct/Vpc/PublicSubnet2",
          },
        ],
        "VpcId": {
          "Ref": "VpcConstructVpc3805DAA4",
        },
      },
      "Type": "AWS::EC2::RouteTable",
    },
    "VpcConstructVpcPublicSubnet2Subnet24509F7A": {
      "Properties": {
        "AvailabilityZone": "dummy1b",
        "CidrBlock": "10.0.1.0/24",
        "MapPublicIpOnLaunch": true,
        "Tags": [
          {
            "Key": "aws-cdk:subnet-name",
            "Value": "Public",
          },
          {
            "Key": "aws-cdk:subnet-type",
            "Value": "Public",
          },
          {
            "Key": "Name",
            "Value": "TestNetworkStack/VpcConstruct/Vpc/PublicSubnet2",
          },
        ],
        "VpcId": {
          "Ref": "VpcConstructVpc3805DAA4",
        },
      },
      "Type": "AWS::EC2::Subnet",
    },
    "VpcConstructVpcPublicSubnet3DefaultRoute5117EC1D": {
      "DependsOn": [
        "VpcConstructVpcVPCGW1B486578",
      ],
      "Properties": {
        "DestinationCidrBlock": "0.0.0.0/0",
        "GatewayId": {
          "Ref": "VpcConstructVpcIGWEF0A1417",
        },
        "RouteTableId": {
          "Ref": "VpcConstructVpcPublicSubnet3RouteTable054CD922",
        },
      },
      "Type": "AWS::EC2::Route",
    },
    "VpcConstructVpcPublicSubnet3RouteTable054CD922": {
      "Properties": {
        "Tags": [
          {
            "Key": "Name",
            "Value": "TestNetworkStack/VpcConstruct/Vpc/PublicSubnet3",
          },
        ],
        "VpcId": {
          "Ref": "VpcConstructVpc3805DAA4",
        },
      },
      "Type": "AWS::EC2::RouteTable",
    },
    "VpcConstructVpcPublicSubnet3RouteTableAssociationCA4EDB17": {
      "Properties": {
        "RouteTableId": {
          "Ref": "VpcConstructVpcPublicSubnet3RouteTable054CD922",
        },
        "SubnetId": {
          "Ref": "VpcConstructVpcPublicSubnet3SubnetE2522741",
        },
      },
      "Type": "AWS::EC2::SubnetRouteTableAssociation",
    },
    "VpcConstructVpcPublicSubnet3SubnetE2522741": {
      "Properties": {
        "AvailabilityZone": "dummy1c",
        "CidrBlock": "10.0.2.0/24",
        "MapPublicIpOnLaunch": true,
        "Tags": [
          {
            "Key": "aws-cdk:subnet-name",
            "Value": "Public",
          },
          {
            "Key": "aws-cdk:subnet-type",
            "Value": "Public",
          },
          {
            "Key": "Name",
            "Value": "TestNetworkStack/VpcConstruct/Vpc/PublicSubnet3",
          },
        ],
        "VpcId": {
          "Ref": "VpcConstructVpc3805DAA4",
        },
      },
      "Type": "AWS::EC2::Subnet",
    },
    "VpcConstructVpcS3Endpoint4869A447": {
      "Properties": {
        "RouteTableIds": [
          {
            "Ref": "VpcConstructVpcPrivateSubnet1RouteTable4A22E9B0",
          },
          {
            "Ref": "VpcConstructVpcPrivateSubnet2RouteTable8CAFC294",
          },
          {
            "Ref": "VpcConstructVpcPrivateSubnet3RouteTableE1EAE810",
          },
          {
            "Ref": "VpcConstructVpcPublicSubnet1RouteTable86FD3C2E",
          },
          {
            "Ref": "VpcConstructVpcPublicSubnet2RouteTableFB581907",
          },
          {
            "Ref": "VpcConstructVpcPublicSubnet3RouteTable054CD922",
          },
          {
            "Ref": "VpcConstructVpcIsolatedSubnet1RouteTableE12CC40A",
          },
          {
            "Ref": "VpcConstructVpcIsolatedSubnet2RouteTable558CF25D",
          },
          {
            "Ref": "VpcConstructVpcIsolatedSubnet3RouteTableAC57213B",
          },
        ],
        "ServiceName": {
          "Fn::Join": [
            "",
            [
              "com.amazonaws.",
              {
                "Ref": "AWS::Region",
              },
              ".s3",
            ],
          ],
        },
        "Tags": [
          {
            "Key": "Name",
            "Value": "TestNetworkStack/VpcConstruct/Vpc",
          },
        ],
        "VpcEndpointType": "Gateway",
        "VpcId": {
          "Ref": "VpcConstructVpc3805DAA4",
        },
      },
      "Type": "AWS::EC2::VPCEndpoint",
    },
    "VpcConstructVpcVPCGW1B486578": {
      "Properties": {
        "InternetGatewayId": {
          "Ref": "VpcConstructVpcIGWEF0A1417",
        },
        "VpcId": {
          "Ref": "VpcConstructVpc3805DAA4",
        },
      },
      "Type": "AWS::EC2::VPCGatewayAttachment",
    },
  },
  "Rules": {
    "CheckBootstrapVersion": {
      "Assertions": [
        {
          "Assert": {
            "Fn::Not": [
              {
                "Fn::Contains": [
                  [
                    "1",
                    "2",
                    "3",
                    "4",
                    "5",
                  ],
                  {
                    "Ref": "BootstrapVersion",
                  },
                ],
              },
            ],
          },
          "AssertDescription": "CDK bootstrap stack version 6 required. Please run 'cdk bootstrap' with a recent version of the CDK CLI.",
        },
      ],
    },
  },
}
`;

exports[`Snapshot Tests SecurityStack 快照匹配 1`] = `
{
  "Outputs": {
    "EncryptionKeyArn": {
      "Description": "KMS encryption key ARN",
      "Value": {
        "Fn::GetAtt": [
          "KmsKeyF138A6A4",
          "Arn",
        ],
      },
    },
  },
  "Parameters": {
    "BootstrapVersion": {
      "Default": "/cdk-bootstrap/hnb659fds/version",
      "Description": "Version of the CDK Bootstrap resources in this environment, automatically retrieved from SSM Parameter Store. [cdk:skip]",
      "Type": "AWS::SSM::Parameter::Value<String>",
    },
  },
  "Resources": {
    "KmsKeyAliasDA8E25D8": {
      "Properties": {
        "AliasName": "alias/ai-agents-platform-dev",
        "TargetKeyId": {
          "Fn::GetAtt": [
            "KmsKeyF138A6A4",
            "Arn",
          ],
        },
      },
      "Type": "AWS::KMS::Alias",
    },
    "KmsKeyF138A6A4": {
      "DeletionPolicy": "Delete",
      "Properties": {
        "Description": "AI Agents Platform data encryption master key",
        "EnableKeyRotation": true,
        "KeyPolicy": {
          "Statement": [
            {
              "Action": "kms:*",
              "Effect": "Allow",
              "Principal": {
                "AWS": {
                  "Fn::Join": [
                    "",
                    [
                      "arn:",
                      {
                        "Ref": "AWS::Partition",
                      },
                      ":iam::000000000000:root",
                    ],
                  ],
                },
              },
              "Resource": "*",
            },
          ],
          "Version": "2012-10-17",
        },
      },
      "Type": "AWS::KMS::Key",
      "UpdateReplacePolicy": "Delete",
    },
    "SecurityGroupsApiSg103453F9": {
      "Properties": {
        "GroupDescription": "API service security group",
        "SecurityGroupEgress": [
          {
            "CidrIp": "0.0.0.0/0",
            "Description": "Allow all outbound traffic by default",
            "IpProtocol": "-1",
          },
        ],
        "VpcId": {
          "Fn::ImportValue": "VpcStack:ExportsOutputRefTestVpcE77CE67811D13B85",
        },
      },
      "Type": "AWS::EC2::SecurityGroup",
    },
    "SecurityGroupsDbSg818C11CD": {
      "Properties": {
        "GroupDescription": "Database security group - API service access only",
        "SecurityGroupEgress": [
          {
            "CidrIp": "255.255.255.255/32",
            "Description": "Disallow all traffic",
            "FromPort": 252,
            "IpProtocol": "icmp",
            "ToPort": 86,
          },
        ],
        "VpcId": {
          "Fn::ImportValue": "VpcStack:ExportsOutputRefTestVpcE77CE67811D13B85",
        },
      },
      "Type": "AWS::EC2::SecurityGroup",
    },
    "SecurityGroupsDbSgfromTestSecurityStackSecurityGroupsApiSg5F03B9993306136947E2": {
      "Properties": {
        "Description": "Allow API service to access MySQL",
        "FromPort": 3306,
        "GroupId": {
          "Fn::GetAtt": [
            "SecurityGroupsDbSg818C11CD",
            "GroupId",
          ],
        },
        "IpProtocol": "tcp",
        "SourceSecurityGroupId": {
          "Fn::GetAtt": [
            "SecurityGroupsApiSg103453F9",
            "GroupId",
          ],
        },
        "ToPort": 3306,
      },
      "Type": "AWS::EC2::SecurityGroupIngress",
    },
  },
  "Rules": {
    "CheckBootstrapVersion": {
      "Assertions": [
        {
          "Assert": {
            "Fn::Not": [
              {
                "Fn::Contains": [
                  [
                    "1",
                    "2",
                    "3",
                    "4",
                    "5",
                  ],
                  {
                    "Ref": "BootstrapVersion",
                  },
                ],
              },
            ],
          },
          "AssertDescription": "CDK bootstrap stack version 6 required. Please run 'cdk bootstrap' with a recent version of the CDK CLI.",
        },
      ],
    },
  },
}
`;
